<turbo-frame id="results" class="min-w-96 w-1/2">
    
  <div class="my-8">
      <div class="py-4 flex items-center hover:bg-gray-100">
        <div class="text-lg"> keywords_1 </div>
        <div class="text-lg ml-auto"> 2022-12-03 18:22:18 UTC </div>
      </div>
      <div class="py-4 flex items-center hover:bg-gray-100">
        <div class="text-lg"> keywords_2 </div>
        <div class="text-lg ml-auto"> 2022-12-03 18:22:18 UTC </div>
      </div>
  </div>
  
</turbo-frame>